// Jest Snapshot v1, https://goo.gl/fbAQLP

exports[`renders correcty 1`] = `
.c2 {
  -webkit-text-decoration: none;
  text-decoration: none;
}

.c2:link,
.c2:visited {
  font-size: inherit;
  font-weight: inherit;
  color: inherit;
}

.c4 {
  display: -webkit-box;
  display: -webkit-flex;
  display: -ms-flexbox;
  display: flex;
  -webkit-align-items: center;
  -webkit-box-align: center;
  -ms-flex-align: center;
  align-items: center;
  -webkit-box-pack: center;
  -webkit-justify-content: center;
  -ms-flex-pack: center;
  justify-content: center;
  position: relative;
}

.c5 {
  cursor: pointer;
  font-size: 1.3rem;
}

.c0 {
  position: fixed;
  width: 100vw;
  height: 5rem;
  border-bottom: .1rem solid;
  display: -webkit-box;
  display: -webkit-flex;
  display: -ms-flexbox;
  display: flex;
  -webkit-align-items: center;
  -webkit-box-align: center;
  -ms-flex-align: center;
  align-items: center;
  -webkit-box-pack: center;
  -webkit-justify-content: center;
  -ms-flex-pack: center;
  justify-content: center;
}

.c1 {
  font-size: 2rem;
}

.c3 {
  position: absolute;
  right: 2rem;
}

<header
  class="c0"
>
  <h1
    class="c1"
  >
    <a
      class="c2"
      href="/"
    >
      Lysu
    </a>
  </h1>
  <div
    class="c3"
  >
    <div
      class="c4"
    >
      <a
        class="c5"
        data-testid="current-lang"
      >
        EN
      </a>
    </div>
  </div>
</header>
`;
